// Jest Snapshot v1, https://goo.gl/fbAQLP

exports[`Test for Button Component To Match Snapshot 1`] = `
<button
  class="login-button"
  data-testid="button-create-id"
  type="submit"
>
  create
</button>
`;
