// Jest Snapshot v1, https://goo.gl/fbAQLP

exports[`Test for ListItem Component To Match Snapshot 1`] = `
{
  "asFragment": [Function],
  "baseElement": <body>
    <div>
      <tr
        class="list-item"
      >
        <td>
          John Doe
        </td>
        <td>
          123
        </td>
        <td>
          2023-01-01
        </td>
        <td>
          Engineer
        </td>
        <td>
          <div
            class="status-component"
            style="background-color: rgb(211, 244, 190);"
          >
            Active
          </div>
        </td>
        <td>
          5
           Yr
        </td>
        <td>
          IT
        </td>
        <td>
          <div
            class="actions-item"
          >
            <img
              alt="delete-each"
              class="delete-action"
              src="/assets/icons/delete.png"
            />
            <img
              alt="edit-each"
              class="edit-action"
              src="/assets/icons/edit-list.svg"
            />
          </div>
        </td>
      </tr>
    </div>
  </body>,
  "container": <div>
    <tr
      class="list-item"
    >
      <td>
        John Doe
      </td>
      <td>
        123
      </td>
      <td>
        2023-01-01
      </td>
      <td>
        Engineer
      </td>
      <td>
        <div
          class="status-component"
          style="background-color: rgb(211, 244, 190);"
        >
          Active
        </div>
      </td>
      <td>
        5
         Yr
      </td>
      <td>
        IT
      </td>
      <td>
        <div
          class="actions-item"
        >
          <img
            alt="delete-each"
            class="delete-action"
            src="/assets/icons/delete.png"
          />
          <img
            alt="edit-each"
            class="edit-action"
            src="/assets/icons/edit-list.svg"
          />
        </div>
      </td>
    </tr>
  </div>,
  "debug": [Function],
  "findAllByAltText": [Function],
  "findAllByDisplayValue": [Function],
  "findAllByLabelText": [Function],
  "findAllByPlaceholderText": [Function],
  "findAllByRole": [Function],
  "findAllByTestId": [Function],
  "findAllByText": [Function],
  "findAllByTitle": [Function],
  "findByAltText": [Function],
  "findByDisplayValue": [Function],
  "findByLabelText": [Function],
  "findByPlaceholderText": [Function],
  "findByRole": [Function],
  "findByTestId": [Function],
  "findByText": [Function],
  "findByTitle": [Function],
  "getAllByAltText": [Function],
  "getAllByDisplayValue": [Function],
  "getAllByLabelText": [Function],
  "getAllByPlaceholderText": [Function],
  "getAllByRole": [Function],
  "getAllByTestId": [Function],
  "getAllByText": [Function],
  "getAllByTitle": [Function],
  "getByAltText": [Function],
  "getByDisplayValue": [Function],
  "getByLabelText": [Function],
  "getByPlaceholderText": [Function],
  "getByRole": [Function],
  "getByTestId": [Function],
  "getByText": [Function],
  "getByTitle": [Function],
  "queryAllByAltText": [Function],
  "queryAllByDisplayValue": [Function],
  "queryAllByLabelText": [Function],
  "queryAllByPlaceholderText": [Function],
  "queryAllByRole": [Function],
  "queryAllByTestId": [Function],
  "queryAllByText": [Function],
  "queryAllByTitle": [Function],
  "queryByAltText": [Function],
  "queryByDisplayValue": [Function],
  "queryByLabelText": [Function],
  "queryByPlaceholderText": [Function],
  "queryByRole": [Function],
  "queryByTestId": [Function],
  "queryByText": [Function],
  "queryByTitle": [Function],
  "rerender": [Function],
  "unmount": [Function],
}
`;
